python : 2026-03-30 23:44:25.978879: I tensorflow/core/util/port.cc:153] oneDNN custom 
operations are on. You may see slightly different numerical results due to floating-point 
round-off errors from different computation orders. To turn them off, set the environment 
variable `TF_ENABLE_ONEDNN_OPTS=0`.
At line:1 char:14
+ cd backend ; python test_local.py > test_log.txt 2>&1
+              ~~~~~~~~~~~~~~~~~~~~~~~~~~~~~~~~~~~~~~~~
    + CategoryInfo          : NotSpecified: (2026-03-30 23:4...ONEDNN_OPTS=0`.:String) [],  
   RemoteException
    + FullyQualifiedErrorId : NativeCommandError
 
2026-03-30 23:44:29.917875: I tensorflow/core/util/port.cc:153] oneDNN custom operations 
are on. You may see slightly different numerical results due to floating-point round-off 
errors from different computation orders. To turn them off, set the environment variable 
`TF_ENABLE_ONEDNN_OPTS=0`.
WARNING:tensorflow:From C:\Users\Phucc\AppData\Local\Programs\Python\Python312\Lib\site-pack
ages\tf_keras\src\losses.py:2976: The name tf.losses.sparse_softmax_cross_entropy is 
deprecated. Please use tf.compat.v1.losses.sparse_softmax_cross_entropy instead.

============== BẮT ĐẦU CHẠY PIPELINE cục bộ ==============
23:44:44 | Cache.Mongo                    | INFO     | [Cache] Connected to MongoDB Atlas — FakeNewsDB.CacheLogs
[Cache] Connected to MongoDB Atlas — FakeNewsDB.CacheLogs
23:44:44 | Cache.Mongo                    | INFO     | [Cache] Loading embedding model: keepitreal/vietnamese-sbert
[Cache] Loading embedding model: keepitreal/vietnamese-sbert
Use pytorch device_name: cpu
Load pretrained SentenceTransformer: keepitreal/vietnamese-sbert
23:44:50 | Cache.Mongo                    | INFO     | [Cache] Embedding model loaded successfully
[Cache] Embedding model loaded successfully
[Cache] Query normalizer LLM loaded (AGENT1/Groq)
23:44:52 | Cache.Mongo                    | INFO     | [Cache] Query normalizer LLM loaded (AGENT1/Groq)
23:44:52 | Cache.Mongo                    | INFO     | [Cache] Checking cache
    → Query: Việt Nam chính thức gia nhập tổ chức BRICS vào tháng 1 năm 2024 tại hội nghị thư...
[Cache] Checking cache
    → Query: Việt Nam chính thức gia nhập tổ chức BRICS vào tháng 1 năm 2024 tại hội nghị 
thư...
HTTP Request: POST https://api.groq.com/openai/v1/chat/completions "HTTP/1.1 200 OK"
23:44:53 | Cache.Mongo                    | INFO     | [Cache] Normalized query
    → Việt Nam chính thức gia nhập tổ chức BRICS vào tháng 1 năm 2024 tại hội nghị thượng đỉnh ở Nam Phi....
[Cache] Normalized query
    → Việt Nam chính thức gia nhập tổ chức BRICS vào tháng 1 năm 2024 tại hội nghị thượng 
đỉnh ở Nam Phi....

Batches:   0%|          | 0/1 [00:00<?, ?it/s]
Batches: 100%|██████████| 1/1 [00:00<00:00,  3.53it/s]
Batches: 100%|██████████| 1/1 [00:00<00:00,  3.52it/s]
23:44:53 | Cache.Mongo                    | INFO     | [Cache] Extracted entities (query)
[Cache] Extracted entities (query)
    → nums={'2024'}, loc={'brics', 'năm 2024', 'nam phi'}, org=set(), per=set()
    → nums={'2024'}, loc={'brics', 'năm 2024', 'nam phi'}, org=set(), per=set()
[Cache] Comparing entities
    → score=1.0000 | cached_nums={'2024'}, cached_loc={'brics', 'năm 2024', 'nam phi'}
23:44:53 | Cache.Mongo                    | INFO     | [Cache] Comparing entities
    → score=1.0000 | cached_nums={'2024'}, cached_loc={'brics', 'năm 2024', 'nam phi'}
23:44:53 | Cache.Mongo                    | INFO     | [Cache] Cache HIT ✅
    → score=1.0000 | Entities khớp an toàn
[Cache] Cache HIT ✅
    → score=1.0000 | Entities khớp an toàn
23:44:53 | Graph.Workflow                 | INFO     | [Workflow] ⚡ CACHE HIT! score=1.0000 | time=1.17s | cached_query="Việt Nam chính thức gia nhập tổ chức BRICS vào tháng 1 năm 2..."
[Workflow] ⚡ CACHE HIT! score=1.0000 | time=1.17s | cached_query="Việt Nam chính thức gia 
nhập tổ chức BRICS vào tháng 1 năm 2..."
HTTP Request: POST https://api.groq.com/openai/v1/chat/completions "HTTP/1.1 200 OK"
23:44:54 | Graph.Workflow                 | INFO     | [Workflow] Dùng Groq viết lại summary thành công (1.43s)
[Workflow] Dùng Groq viết lại summary thành công (1.43s)

============== KẾT QUẢ ==============
{
  "user_input": "Việt Nam chính thức gia nhập tổ chức BRICS vào tháng 1 năm 2024 tại hội nghị thượng đỉnh ở Nam Phi.",
  "verdict": {
    "verdict": "GIẢ",
    "verdict_en": "REFUTED",
    "confidence_score": 0.95,
    "summary": "Không có thông tin xác thực về việc Việt Nam chính thức gia nhập tổ chức BRICS vào tháng 1 năm 2024 tại hội nghị thượng đỉnh ở Nam Phi từ các nguồn cung cấp.",
    "rule_applied": "RULE 4 (THIẾU BẰNG CHỨNG NGHỊCH) và phân tích từ các nguồn cấp 1, 2, 3",
    "arguments": [
      {
        "title": "Nguồn 1: Cổng thông tin Bộ Ngoại Giao",
        "content": "Thủ tướng Chính phủ Phạm Minh Chính dự Hội nghị Thượng đỉnh BRICS mở rộng tại Rio de Janeiro, Brasil vào ngày 06/7/2025. Không có thông tin về việc Việt Nam gia nhập BRICS vào tháng 1/2024 tại Nam Phi.",
        "evidence": "Thủ tướng Chính phủ Phạm Minh Chính hội kiến Tổng thống Nam Phi tại Hội nghị thượng đỉnh BRICS mở rộng",
        "source_name": "Cổng thông tin Bộ Ngoại Giao",
        "source_url": "https://mofa.gov.vn/tin-chi-tiet/chi-tiet/thu-tuong-chinh-phu-pham-minh-chinh-hoi-kien-tong-thong-nam-phi-tai-hoi-nghi-thuong-dinh-brics-mo-rong-57256-1011.html"
      },
      {
        "title": "Nguồn 3: Dantri",
        "content": "Brazil tuyên bố Việt Nam chính thức trở thành \"quốc gia đối tác\" của BRICS, nhưng không có thông tin về việc gia nhập vào tháng 1/2024.",
        "evidence": "Brazil tuyên bố Việt Nam chính thức trở thành \"quốc gia đối tác\" của BRICS",
        "source_name": "Dantri",
        "source_url": "https://dantri.com.vn/kinh-doanh/brazil-tuyen-bo-viet-nam-chinh-thuc-tro-thanh-quoc-gia-doi-tac-cua-brics-20250614150854267.htm"
      },
      {
        "title": "Nguồn 5: Vnexpress",
        "content": "Việt Nam trở thành Nước Đối tác của BRICS, nhưng không có thông tin về việc gia nhập vào tháng 1/2024.",
        "evidence": "Việt Nam trở thành Nước Đối tác của BRICS",
        "source_name": "Vnexpress",
        "source_url": "https://vnexpress.net/viet-nam-tro-thanh-nuoc-doi-tac-cua-brics-4898945.html"
      }
    ],
    "reasoning": {
      "evidence_assessment": "Các nguồn cung cấp không có thông tin xác thực về việc Việt Nam gia nhập BRICS vào tháng 1/2024.",
      "supporting_evidence": [
        "Thủ tướng Chính phủ Phạm Minh Chính dự Hội nghị Thượng đỉnh BRICS mở rộng tại Rio de Janeiro, Brasil vào ngày 06/7/2025"
      ],
      "contradicting_evidence": [
        "Brazil tuyên bố Việt Nam chính thức trở thành \"quốc gia đối tác\" của BRICS",
        "Việt Nam trở thành Nước Đối tác của BRICS"
      ],
      "logical_analysis": "Dựa trên các nguồn cung cấp, không có thông tin xác thực về việc Việt Nam gia nhập BRICS vào tháng 1/2024. Vì vậy, kết luận verdict là GIẢ."
    },
    "recommendation": "Cần tìm kiếm thông tin từ các nguồn chính thức và cập nhật để xác minh thông tin về việc Việt Nam gia nhập BRICS.",
    "cached_query": "Việt Nam chính thức gia nhập tổ chức BRICS vào tháng 1 năm 2024 tại hội nghị thượng đỉnh ở Nam Phi."
  },
  "agent_logs": [
    "[Cache] ⚡ Cache HIT trong 1.17s (similarity=1.0000)"
  ],
  "from_cache": true
}
